
> @vexgo/api@0.0.0 start:dev
> npm run dev


> @vexgo/api@0.0.0 dev
> nest start --watch

[2J[3J[H[[90m6:10:04 PM[0m] Starting compilation in watch mode...

[[90m6:10:07 PM[0m] Found 0 errors. Watching for file changes.

[32m[Nest] 98170  - [39m09/29/2026, 6:10:08 PM [32m    LOG[39m [38;5;3m[NestFactory] [39m[32mStarting Nest application...[39m
[32m[Nest] 98170  - [39m09/29/2026, 6:10:08 PM [32m    LOG[39m [38;5;3m[InstanceLoader] [39m[32mAppModule dependencies initialized[39m[38;5;3m +13ms[39m
[32m[Nest] 98170  - [39m09/29/2026, 6:10:08 PM [32m    LOG[39m [38;5;3m[InstanceLoader] [39m[32mConfigHostModule dependencies initialized[39m[38;5;3m +0ms[39m
[32m[Nest] 98170  - [39m09/29/2026, 6:10:08 PM [32m    LOG[39m [38;5;3m[InstanceLoader] [39m[32mHealthModule dependencies initialized[39m[38;5;3m +0ms[39m
[32m[Nest] 98170  - [39m09/29/2026, 6:10:08 PM [32m    LOG[39m [38;5;3m[InstanceLoader] [39m[32mJwtModule dependencies initialized[39m[38;5;3m +0ms[39m
[32m[Nest] 98170  - [39m09/29/2026, 6:10:08 PM [32m    LOG[39m [38;5;3m[InstanceLoader] [39m[32mConfigModule dependencies initialized[39m[38;5;3m +14ms[39m
[32m[Nest] 98170  - [39m09/29/2026, 6:10:08 PM [32m    LOG[39m [38;5;3m[InstanceLoader] [39m[32mPrismaModule dependencies initialized[39m[38;5;3m +1ms[39m
[32m[Nest] 98170  - [39m09/29/2026, 6:10:08 PM [32m    LOG[39m [38;5;3m[InstanceLoader] [39m[32mVehicleTypesModule dependencies initialized[39m[38;5;3m +0ms[39m
[32m[Nest] 98170  - [39m09/29/2026, 6:10:08 PM [32m    LOG[39m [38;5;3m[InstanceLoader] [39m[32mVehiclesModule dependencies initialized[39m[38;5;3m +0ms[39m
[32m[Nest] 98170  - [39m09/29/2026, 6:10:08 PM [32m    LOG[39m [38;5;3m[InstanceLoader] [39m[32mRoutesModule dependencies initialized[39m[38;5;3m +0ms[39m
[32m[Nest] 98170  - [39m09/29/2026, 6:10:08 PM [32m    LOG[39m [38;5;3m[InstanceLoader] [39m[32mBusCompaniesModule dependencies initialized[39m[38;5;3m +0ms[39m
[32m[Nest] 98170  - [39m09/29/2026, 6:10:08 PM [32m    LOG[39m [38;5;3m[InstanceLoader] [39m[32mFarePricesModule dependencies initialized[39m[38;5;3m +0ms[39m
[32m[Nest] 98170  - [39m09/29/2026, 6:10:08 PM [32m    LOG[39m [38;5;3m[InstanceLoader] [39m[32mTripsModule dependencies initialized[39m[38;5;3m +0ms[39m
[32m[Nest] 98170  - [39m09/29/2026, 6:10:08 PM [32m    LOG[39m [38;5;3m[InstanceLoader] [39m[32mAuthModule dependencies initialized[39m[38;5;3m +0ms[39m
[32m[Nest] 98170  - [39m09/29/2026, 6:10:08 PM [32m    LOG[39m [38;5;3m[InstanceLoader] [39m[32mCustomersModule dependencies initialized[39m[38;5;3m +0ms[39m
[32m[Nest] 98170  - [39m09/29/2026, 6:10:08 PM [32m    LOG[39m [38;5;3m[RoutesResolver] [39m[32mHealthController {/api/v1/health}:[39m[38;5;3m +5ms[39m
[32m[Nest] 98170  - [39m09/29/2026, 6:10:08 PM [32m    LOG[39m [38;5;3m[RouterExplorer] [39m[32mMapped {/api/v1/health, GET} route[39m[38;5;3m +1ms[39m
[32m[Nest] 98170  - [39m09/29/2026, 6:10:08 PM [32m    LOG[39m [38;5;3m[RoutesResolver] [39m[32mBusCompaniesController {/api/v1/bus-companies}:[39m[38;5;3m +0ms[39m
[32m[Nest] 98170  - [39m09/29/2026, 6:10:08 PM [32m    LOG[39m [38;5;3m[RouterExplorer] [39m[32mMapped {/api/v1/bus-companies, POST} route[39m[38;5;3m +0ms[39m
[32m[Nest] 98170  - [39m09/29/2026, 6:10:08 PM [32m    LOG[39m [38;5;3m[RouterExplorer] [39m[32mMapped {/api/v1/bus-companies/:id, PATCH} route[39m[38;5;3m +1ms[39m
[32m[Nest] 98170  - [39m09/29/2026, 6:10:08 PM [32m    LOG[39m [38;5;3m[RouterExplorer] [39m[32mMapped {/api/v1/bus-companies/:id/status, PATCH} route[39m[38;5;3m +0ms[39m
[32m[Nest] 98170  - [39m09/29/2026, 6:10:08 PM [32m    LOG[39m [38;5;3m[RouterExplorer] [39m[32mMapped {/api/v1/bus-companies, GET} route[39m[38;5;3m +0ms[39m
[32m[Nest] 98170  - [39m09/29/2026, 6:10:08 PM [32m    LOG[39m [38;5;3m[RouterExplorer] [39m[32mMapped {/api/v1/bus-companies/:id, GET} route[39m[38;5;3m +0ms[39m
[32m[Nest] 98170  - [39m09/29/2026, 6:10:08 PM [32m    LOG[39m [38;5;3m[RoutesResolver] [39m[32mVehicleTypesController {/api/v1/vehicle-types}:[39m[38;5;3m +0ms[39m
[32m[Nest] 98170  - [39m09/29/2026, 6:10:08 PM [32m    LOG[39m [38;5;3m[RouterExplorer] [39m[32mMapped {/api/v1/vehicle-types, GET} route[39m[38;5;3m +0ms[39m
[32m[Nest] 98170  - [39m09/29/2026, 6:10:08 PM [32m    LOG[39m [38;5;3m[RouterExplorer] [39m[32mMapped {/api/v1/vehicle-types/:id, GET} route[39m[38;5;3m +0ms[39m
[32m[Nest] 98170  - [39m09/29/2026, 6:10:08 PM [32m    LOG[39m [38;5;3m[RouterExplorer] [39m[32mMapped {/api/v1/vehicle-types, POST} route[39m[38;5;3m +0ms[39m
[32m[Nest] 98170  - [39m09/29/2026, 6:10:08 PM [32m    LOG[39m [38;5;3m[RouterExplorer] [39m[32mMapped {/api/v1/vehicle-types/:id, PATCH} route[39m[38;5;3m +1ms[39m
[32m[Nest] 98170  - [39m09/29/2026, 6:10:08 PM [32m    LOG[39m [38;5;3m[RoutesResolver] [39m[32mVehiclesController {/api/v1/vehicles}:[39m[38;5;3m +0ms[39m
[32m[Nest] 98170  - [39m09/29/2026, 6:10:08 PM [32m    LOG[39m [38;5;3m[RouterExplorer] [39m[32mMapped {/api/v1/vehicles, POST} route[39m[38;5;3m +0ms[39m
[32m[Nest] 98170  - [39m09/29/2026, 6:10:08 PM [32m    LOG[39m [38;5;3m[RouterExplorer] [39m[32mMapped {/api/v1/vehicles/:id, PATCH} route[39m[38;5;3m +0ms[39m
[32m[Nest] 98170  - [39m09/29/2026, 6:10:08 PM [32m    LOG[39m [38;5;3m[RouterExplorer] [39m[32mMapped {/api/v1/vehicles/:id/status, PATCH} route[39m[38;5;3m +0ms[39m
[32m[Nest] 98170  - [39m09/29/2026, 6:10:08 PM [32m    LOG[39m [38;5;3m[RouterExplorer] [39m[32mMapped {/api/v1/vehicles, GET} route[39m[38;5;3m +0ms[39m
[32m[Nest] 98170  - [39m09/29/2026, 6:10:08 PM [32m    LOG[39m [38;5;3m[RouterExplorer] [39m[32mMapped {/api/v1/vehicles/:id, GET} route[39m[38;5;3m +0ms[39m
[32m[Nest] 98170  - [39m09/29/2026, 6:10:08 PM [32m    LOG[39m [38;5;3m[RouterExplorer] [39m[32mMapped {/api/v1/vehicles/:vehicleId/seats, GET} route[39m[38;5;3m +0ms[39m
[32m[Nest] 98170  - [39m09/29/2026, 6:10:08 PM [32m    LOG[39m [38;5;3m[RouterExplorer] [39m[32mMapped {/api/v1/vehicles/:vehicleId/seats, POST} route[39m[38;5;3m +0ms[39m
[32m[Nest] 98170  - [39m09/29/2026, 6:10:08 PM [32m    LOG[39m [38;5;3m[RouterExplorer] [39m[32mMapped {/api/v1/vehicles/:vehicleId/seats/:seatId, PATCH} route[39m[38;5;3m +0ms[39m
[32m[Nest] 98170  - [39m09/29/2026, 6:10:08 PM [32m    LOG[39m [38;5;3m[RouterExplorer] [39m[32mMapped {/api/v1/vehicles/:vehicleId/seats/:seatId, DELETE} route[39m[38;5;3m +1ms[39m
[32m[Nest] 98170  - [39m09/29/2026, 6:10:08 PM [32m    LOG[39m [38;5;3m[RoutesResolver] [39m[32mRoutesController {/api/v1/routes}:[39m[38;5;3m +0ms[39m
[32m[Nest] 98170  - [39m09/29/2026, 6:10:08 PM [32m    LOG[39m [38;5;3m[RouterExplorer] [39m[32mMapped {/api/v1/routes, POST} route[39m[38;5;3m +0ms[39m
[32m[Nest] 98170  - [39m09/29/2026, 6:10:08 PM [32m    LOG[39m [38;5;3m[RouterExplorer] [39m[32mMapped {/api/v1/routes/:id, PATCH} route[39m[38;5;3m +0ms[39m
[32m[Nest] 98170  - [39m09/29/2026, 6:10:08 PM [32m    LOG[39m [38;5;3m[RouterExplorer] [39m[32mMapped {/api/v1/routes/:id/status, PATCH} route[39m[38;5;3m +0ms[39m
[32m[Nest] 98170  - [39m09/29/2026, 6:10:08 PM [32m    LOG[39m [38;5;3m[RouterExplorer] [39m[32mMapped {/api/v1/routes, GET} route[39m[38;5;3m +0ms[39m
[32m[Nest] 98170  - [39m09/29/2026, 6:10:08 PM [32m    LOG[39m [38;5;3m[RouterExplorer] [39m[32mMapped {/api/v1/routes/:id, GET} route[39m[38;5;3m +0ms[39m
[32m[Nest] 98170  - [39m09/29/2026, 6:10:08 PM [32m    LOG[39m [38;5;3m[RoutesResolver] [39m[32mFarePricesController {/api/v1/fare-prices}:[39m[38;5;3m +0ms[39m
[32m[Nest] 98170  - [39m09/29/2026, 6:10:08 PM [32m    LOG[39m [38;5;3m[RouterExplorer] [39m[32mMapped {/api/v1/fare-prices, POST} route[39m[38;5;3m +0ms[39m
[32m[Nest] 98170  - [39m09/29/2026, 6:10:08 PM [32m    LOG[39m [38;5;3m[RouterExplorer] [39m[32mMapped {/api/v1/fare-prices/:id, PATCH} route[39m[38;5;3m +0ms[39m
[32m[Nest] 98170  - [39m09/29/2026, 6:10:08 PM [32m    LOG[39m [38;5;3m[RouterExplorer] [39m[32mMapped {/api/v1/fare-prices/:id/status, PATCH} route[39m[38;5;3m +1ms[39m
[32m[Nest] 98170  - [39m09/29/2026, 6:10:08 PM [32m    LOG[39m [38;5;3m[RouterExplorer] [39m[32mMapped {/api/v1/fare-prices, GET} route[39m[38;5;3m +1ms[39m
[32m[Nest] 98170  - [39m09/29/2026, 6:10:08 PM [32m    LOG[39m [38;5;3m[RouterExplorer] [39m[32mMapped {/api/v1/fare-prices/applicable, GET} route[39m[38;5;3m +0ms[39m
[32m[Nest] 98170  - [39m09/29/2026, 6:10:08 PM [32m    LOG[39m [38;5;3m[RouterExplorer] [39m[32mMapped {/api/v1/fare-prices/:id, GET} route[39m[38;5;3m +0ms[39m
[32m[Nest] 98170  - [39m09/29/2026, 6:10:08 PM [32m    LOG[39m [38;5;3m[RoutesResolver] [39m[32mAuthController {/api/v1/auth}:[39m[38;5;3m +0ms[39m
[32m[Nest] 98170  - [39m09/29/2026, 6:10:08 PM [32m    LOG[39m [38;5;3m[RouterExplorer] [39m[32mMapped {/api/v1/auth/register/request-otp, POST} route[39m[38;5;3m +0ms[39m
[32m[Nest] 98170  - [39m09/29/2026, 6:10:08 PM [32m    LOG[39m [38;5;3m[RouterExplorer] [39m[32mMapped {/api/v1/auth/register/verify-otp, POST} route[39m[38;5;3m +0ms[39m
[32m[Nest] 98170  - [39m09/29/2026, 6:10:08 PM [32m    LOG[39m [38;5;3m[RouterExplorer] [39m[32mMapped {/api/v1/auth/register, POST} route[39m[38;5;3m +1ms[39m
[32m[Nest] 98170  - [39m09/29/2026, 6:10:08 PM [32m    LOG[39m [38;5;3m[RouterExplorer] [39m[32mMapped {/api/v1/auth/login, POST} route[39m[38;5;3m +0ms[39m
[32m[Nest] 98170  - [39m09/29/2026, 6:10:08 PM [32m    LOG[39m [38;5;3m[RouterExplorer] [39m[32mMapped {/api/v1/auth/refresh, POST} route[39m[38;5;3m +0ms[39m
[32m[Nest] 98170  - [39m09/29/2026, 6:10:08 PM [32m    LOG[39m [38;5;3m[RouterExplorer] [39m[32mMapped {/api/v1/auth/logout, POST} route[39m[38;5;3m +0ms[39m
[32m[Nest] 98170  - [39m09/29/2026, 6:10:08 PM [32m    LOG[39m [38;5;3m[RoutesResolver] [39m[32mCustomersController {/api/v1/customers}:[39m[38;5;3m +0ms[39m
[32m[Nest] 98170  - [39m09/29/2026, 6:10:08 PM [32m    LOG[39m [38;5;3m[RouterExplorer] [39m[32mMapped {/api/v1/customers/me, GET} route[39m[38;5;3m +0ms[39m
[32m[Nest] 98170  - [39m09/29/2026, 6:10:08 PM [32m    LOG[39m [38;5;3m[RouterExplorer] [39m[32mMapped {/api/v1/customers/me, PATCH} route[39m[38;5;3m +0ms[39m
[32m[Nest] 98170  - [39m09/29/2026, 6:10:08 PM [32m    LOG[39m [38;5;3m[RoutesResolver] [39m[32mTripsController {/api/v1/trips}:[39m[38;5;3m +0ms[39m
[32m[Nest] 98170  - [39m09/29/2026, 6:10:08 PM [32m    LOG[39m [38;5;3m[RouterExplorer] [39m[32mMapped {/api/v1/trips/search, GET} route[39m[38;5;3m +0ms[39m
[32m[Nest] 98170  - [39m09/29/2026, 6:10:08 PM [32m    LOG[39m [38;5;3m[RouterExplorer] [39m[32mMapped {/api/v1/trips/:id, GET} route[39m[38;5;3m +0ms[39m
[32m[Nest] 98170  - [39m09/29/2026, 6:10:08 PM [32m    LOG[39m [38;5;3m[RouterExplorer] [39m[32mMapped {/api/v1/trips/:id/seats, GET} route[39m[38;5;3m +0ms[39m
[32m[Nest] 98170  - [39m09/29/2026, 6:10:08 PM [32m    LOG[39m [38;5;3m[NestApplication] [39m[32mNest application successfully started[39m[38;5;3m +112ms[39m
[31m[Nest] 98170  - [39m09/29/2026, 6:10:13 PM [31m  ERROR[39m [38;5;3m[ApiExceptionFilter] [39m[31mUnhandled API exception[39m
PrismaClientKnownRequestError: 
Invalid `this.prisma.chuyenXe.findMany()` invocation in
/Users/nhuy/vexgo/apps/api/src/trips/trips.service.ts:29:50

  26   where.ngayKhoiHanh = new Date(`${dto.date}T00:00:00.000Z`);
  27 }
  28 
→ 29 const chuyenXes = await this.prisma.chuyenXe.findMany(
The column `ChuyenXe.nhaXeId` does not exist in the current database.
    at vn.handleRequestError (/Users/nhuy/vexgo/node_modules/@prisma/client/src/runtime/RequestHandler.ts:238:13)
    at vn.handleAndLogRequestError (/Users/nhuy/vexgo/node_modules/@prisma/client/src/runtime/RequestHandler.ts:184:12)
    at vn.request (/Users/nhuy/vexgo/node_modules/@prisma/client/src/runtime/RequestHandler.ts:153:12)
    at process.processTicksAndRejections (node:internal/process/task_queues:104:5)
    at async a (/Users/nhuy/vexgo/node_modules/@prisma/client/src/runtime/getPrismaClient.ts:1014:24)
    at async TripsService.search (/Users/nhuy/vexgo/apps/api/src/trips/trips.service.ts:29:23)
